{
  "exclude": {
    "files": "^.secrets.baseline$",
    "lines": null
  },
  "generated_at": "2025-09-18T20:05:32Z",
  "plugins_used": [
    {
      "name": "AWSKeyDetector"
    },
    {
      "name": "ArtifactoryDetector"
    },
    {
      "name": "AzureStorageKeyDetector"
    },
    {
      "base64_limit": 4.5,
      "name": "Base64HighEntropyString"
    },
    {
      "name": "BasicAuthDetector"
    },
    {
      "name": "BoxDetector"
    },
    {
      "name": "CloudantDetector"
    },
    {
      "ghe_instance": "github.ibm.com",
      "name": "GheDetector"
    },
    {
      "name": "GitHubTokenDetector"
    },
    {
      "hex_limit": 3,
      "name": "HexHighEntropyString"
    },
    {
      "name": "IbmCloudIamDetector"
    },
    {
      "name": "IbmCosHmacDetector"
    },
    {
      "name": "JwtTokenDetector"
    },
    {
      "keyword_exclude": null,
      "name": "KeywordDetector"
    },
    {
      "name": "MailchimpDetector"
    },
    {
      "name": "NpmDetector"
    },
    {
      "name": "PrivateKeyDetector"
    },
    {
      "name": "SlackDetector"
    },
    {
      "name": "SoftlayerDetector"
    },
    {
      "name": "SquareOAuthDetector"
    },
    {
      "name": "StripeDetector"
    },
    {
      "name": "TwilioKeyDetector"
    }
  ],
  "results": {
    "tests/functional/modules/ims_dbd_gen/test_ims_dbd_gen_sample.py": [
      {
        "hashed_secret": "554bcaadae4eec006f6879e5e004f912368dec60",
        "is_secret": false,
        "is_verified": false,
        "line_number": 37,
        "type": "Hex High Entropy String",
        "verified_result": null
      }
    ],
    "tests/functional/modules/ims_dbd_gen/uss_file/test_valid_input.py": [
      {
        "hashed_secret": "554bcaadae4eec006f6879e5e004f912368dec60",
        "is_secret": false,
        "is_verified": false,
        "line_number": 49,
        "type": "Hex High Entropy String",
        "verified_result": null
      },
      {
        "hashed_secret": "6b1962e5dcedc40db2261be3ef4aa81543201b9f",
        "is_secret": false,
        "is_verified": false,
        "line_number": 50,
        "type": "Hex High Entropy String",
        "verified_result": null
      }
    ],
    "tests/functional/modules/ims_psb_gen/combination/test_valid_input.py": [
      {
        "hashed_secret": "49b555c7ab1dafa6685365938bd84b4b83bbdbb6",
        "is_secret": false,
        "is_verified": false,
        "line_number": 96,
        "type": "Hex High Entropy String",
        "verified_result": null
      }
    ],
    "tests/functional/modules/ims_psb_gen/uss_file/test_valid_input.py": [
      {
        "hashed_secret": "49b555c7ab1dafa6685365938bd84b4b83bbdbb6",
        "is_secret": false,
        "is_verified": false,
        "line_number": 53,
        "type": "Hex High Entropy String",
        "verified_result": null
      },
      {
        "hashed_secret": "7d42cec383d7ee66c627be6815812c4c9812d3b5",
        "is_secret": false,
        "is_verified": false,
        "line_number": 56,
        "type": "Hex High Entropy String",
        "verified_result": null
      }
    ]
  },
  "version": "0.13.1+ibm.62.dss",
  "word_list": {
    "file": null,
    "hash": null
  }
}
